OK
OK
OK
OK
OK
OK
OK
C Cercle 5 4 3
L Ligne 1 2 3 4
OA oa1 Cercle Ligne PolyL
OA oa2 PolyL Rect oa1
OA oa3 oa1 oa2
PL PolyL 1 2 3 4 5 6
R Rect 4 4 4 4
OK


