OK
OK
OK
OK
OK
OA 1oa cercle rect88
C cercle 0 0 5
L l42 42 42 42 42
PL plpl 10 10 9 9 52 52 1 1
R rect88 12 12 24 24 
OK
OK
OK
OK
OA 1oa cercle rect88
C cercle 1 -1 5
L l42 -42 -42 -42 -42
PL plpl 0 10 -1 9 42 52 -9 1
R rect88 0 0 12 12
OK
OA 1oa cercle rect88
C cercle 0 0 5
L l42 -42 -42 -42 -42
PL plpl 0 10 -1 9 42 52 -9 1
R rect88 -1 1 11 13
OK
OK
OA 1oa cercle rect88
OA 3oa l42 plpl rect88
C cercle 0 0 5
L l42 -42 -12 -42 -12
PL plpl 0 40 -1 39 42 82 -9 31
R rect88 -1 31 11 43
OK
OK
OA 1oa cercle rect88
OA 3oa l42 plpl rect88
OA 666oa 1oa 3oa cercle
C cercle 700 0 5
L l42 658 -12 658 -12
PL plpl 700 40 699 39 742 82 691 31
R rect88 699 31 711 43
OK
OA 1oa cercle rect88
OA 3oa l42 plpl rect88
OA 666oa 1oa 3oa cercle
C cercle 700 0 5
L l42 658 -12 658 -12
PL plpl 700 40 699 39 742 82 691 31
R rect88 699 31 711 43
