OK
OK
OK
OK
ERR
OK
C Cercle 5 5 5
OK
C Cercle 5 5 5
R Rect 1 2 3 4
OK
OK
OK
OK
OK
OK
OK
C Cercle 5 5 5
L Ligne 1 2 3 4
OA oa1 Cercle Ligne PolyL
PL PolyL 1 2 3 4 5 6
R Rect 1 2 3 4
OK
C Cercle 5 5 5
L Ligne 1 2 3 4
PL PolyL 1 2 3 4 5 6
R Rect 1 2 3 4
OK
OK
OK
OK
OK
C Cercle 5 5 5
L Ligne 1 2 3 4
L Ligne2 1 2 3 4
OA oa1 Cercle Ligne PolyL
OA oa2 PolyL Rect oa1
PL PolyL 1 2 3 4 5 6
R Rect 1 2 3 4
ERR
OK
ERR
OK
C Cercle 5 5 5
L Ligne 1 2 3 4
L Ligne2 1 2 3 4
OA oa1 Cercle Ligne PolyL
OA oa2 PolyL Rect oa1
PL PolyL 1 2 3 4 5 6
R Rect 1 2 3 4
OK
C Cercle 5 5 5
L Ligne 1 2 3 4
L Ligne2 1 2 3 4
L Ligne3 1 2 3 4
OA oa1 Cercle Ligne PolyL
OA oa2 PolyL Rect oa1
PL PolyL 1 2 3 4 5 6
R Rect 1 2 3 4
