OK
ERR
C Cercle1 5 -5 5
OK
OK
ERR
R Rect2 5 -5 5 -5
OK
OK
ERR
L Ligne3 5 -8 9 -4
OK
OK
ERR
PL poly4 -5 5 3 2 4 8 5 -9
OK
OK
OK
OK
ERR
OA 5OA Cercle1 Ligne3
C Cercle1 5 -5 5
L Ligne3 5 -8 9 -4
OK
